  Geri y├╝klenecek projeler belirleniyor...
  Geri y├╝kleme i├ğin t├╝m projeler g├╝ncel.
  Domain -> C:\Users\Abdulsamet KIR\Desktop\Manevi Rehber\backend\src\Domain\bin\Debug\net8.0\Domain.dll
C:\Users\Abdulsamet KIR\Desktop\Manevi Rehber\backend\src\Application\Categories\Queries\GetCategoryByIdQuery\GetCategoryByIdQueryHandler.cs(29,27): warning CS8601: Olas─▒ null ba┼şvuru atamas─▒. [C:\Users\Abdulsamet KIR\Desktop\Manevi Rehber\backend\src\Application\Application.csproj]
C:\Users\Abdulsamet KIR\Desktop\Manevi Rehber\backend\src\Application\Categories\Queries\GetCategoryListQuery\GetCategoryListQueryHandler.cs(25,27): warning CS8601: Olas─▒ null ba┼şvuru atamas─▒. [C:\Users\Abdulsamet KIR\Desktop\Manevi Rehber\backend\src\Application\Application.csproj]
C:\Users\Abdulsamet KIR\Desktop\Manevi Rehber\backend\src\Application\DailyContents\Commands\Commands\UpdateDailyContent\UpdateDailyContentCommandHandler.cs(41,14): error CS1061: 'DbSet<DailyContent>' bir 'Include' tan─▒m─▒ i├ğermiyor ve 'DbSet<DailyContent>' t├╝r├╝nde bir ilk ba─ş─▒ms─▒z de─şi┼şken kabul eden hi├ğbir eri┼şilebilir 'Include' geni┼şletme y├Ântemi bulunamad─▒ (bir kullanma y├Ânergeniz veya derleme ba┼şvurunuz eksik olabilir mi?) [C:\Users\Abdulsamet KIR\Desktop\Manevi Rehber\backend\src\Application\Application.csproj]
C:\Users\Abdulsamet KIR\Desktop\Manevi Rehber\backend\src\Application\PrayerTimes\Queries\GetPrayerTimeByDate\PrayerTimeDto.cs(13,19): warning CS8618: Null atanamaz ├Âzellik 'HijriDateLong', olu┼şturucudan ├ğ─▒k─▒┼ş yaparken null olmayan bir de─şer i├ğermelidir. 'Gerekli' de─şi┼ştiricisini ekleyin veya ├Âzellik de─şerini null atanabilir olarak bildirmeyi g├Âz ├Ân├╝nde bulundurun. [C:\Users\Abdulsamet KIR\Desktop\Manevi Rehber\backend\src\Application\Application.csproj]

Olu┼şturma BA┼ŞARISIZ OLDU.

C:\Users\Abdulsamet KIR\Desktop\Manevi Rehber\backend\src\Application\Categories\Queries\GetCategoryByIdQuery\GetCategoryByIdQueryHandler.cs(29,27): warning CS8601: Olas─▒ null ba┼şvuru atamas─▒. [C:\Users\Abdulsamet KIR\Desktop\Manevi Rehber\backend\src\Application\Application.csproj]
C:\Users\Abdulsamet KIR\Desktop\Manevi Rehber\backend\src\Application\Categories\Queries\GetCategoryListQuery\GetCategoryListQueryHandler.cs(25,27): warning CS8601: Olas─▒ null ba┼şvuru atamas─▒. [C:\Users\Abdulsamet KIR\Desktop\Manevi Rehber\backend\src\Application\Application.csproj]
C:\Users\Abdulsamet KIR\Desktop\Manevi Rehber\backend\src\Application\PrayerTimes\Queries\GetPrayerTimeByDate\PrayerTimeDto.cs(13,19): warning CS8618: Null atanamaz ├Âzellik 'HijriDateLong', olu┼şturucudan ├ğ─▒k─▒┼ş yaparken null olmayan bir de─şer i├ğermelidir. 'Gerekli' de─şi┼ştiricisini ekleyin veya ├Âzellik de─şerini null atanabilir olarak bildirmeyi g├Âz ├Ân├╝nde bulundurun. [C:\Users\Abdulsamet KIR\Desktop\Manevi Rehber\backend\src\Application\Application.csproj]
C:\Users\Abdulsamet KIR\Desktop\Manevi Rehber\backend\src\Application\DailyContents\Commands\Commands\UpdateDailyContent\UpdateDailyContentCommandHandler.cs(41,14): error CS1061: 'DbSet<DailyContent>' bir 'Include' tan─▒m─▒ i├ğermiyor ve 'DbSet<DailyContent>' t├╝r├╝nde bir ilk ba─ş─▒ms─▒z de─şi┼şken kabul eden hi├ğbir eri┼şilebilir 'Include' geni┼şletme y├Ântemi bulunamad─▒ (bir kullanma y├Ânergeniz veya derleme ba┼şvurunuz eksik olabilir mi?) [C:\Users\Abdulsamet KIR\Desktop\Manevi Rehber\backend\src\Application\Application.csproj]
    3 Uyar─▒
    1 Hata

Ge├ğen S├╝re 00:00:02.78

─░┼ş y├╝k├╝ g├╝ncelle┼ştirmeleri var. Daha fazla bilgi i├ğin `dotnet workload list` ├ğal─▒┼şt─▒r─▒n.
